// Jest Snapshot v1, https://goo.gl/fbAQLP

exports[`MyLists component test 1`] = `
<div
  className="list-footer"
>
  <span
    className="list-count"
  >
    6 items left
  </span>
  <ul
    className="filters"
  >
    <li>
      <p
        className="selected"
        onClick={[Function]}
      >
        All
      </p>
    </li>
     
    <li>
      <p
        className=""
        onClick={[Function]}
      >
        Active
      </p>
    </li>
     
    <li>
      <p
        className=""
        onClick={[Function]}
      >
        Completed
      </p>
    </li>
  </ul>
  <button
    className="clear-completed clear-button"
    onClick={[Function]}
  >
    Clear completed
  </button>
</div>
`;

exports[`MyLists component test w/ active filter 1`] = `
<div
  className="list-footer"
>
  <span
    className="list-count"
  >
    6 items left
  </span>
  <ul
    className="filters"
  >
    <li>
      <p
        className=""
        onClick={[Function]}
      >
        All
      </p>
    </li>
     
    <li>
      <p
        className="selected"
        onClick={[Function]}
      >
        Active
      </p>
    </li>
     
    <li>
      <p
        className=""
        onClick={[Function]}
      >
        Completed
      </p>
    </li>
  </ul>
  <button
    className="clear-completed clear-button"
    onClick={[Function]}
  >
    Clear completed
  </button>
</div>
`;

exports[`MyLists component test w/ completed filter 1`] = `
<div
  className="list-footer"
>
  <span
    className="list-count"
  >
    6 items left
  </span>
  <ul
    className="filters"
  >
    <li>
      <p
        className=""
        onClick={[Function]}
      >
        All
      </p>
    </li>
     
    <li>
      <p
        className=""
        onClick={[Function]}
      >
        Active
      </p>
    </li>
     
    <li>
      <p
        className="selected"
        onClick={[Function]}
      >
        Completed
      </p>
    </li>
  </ul>
  <button
    className="clear-completed clear-button"
    onClick={[Function]}
  >
    Clear completed
  </button>
</div>
`;
